// 重构日志: 2642fb50
// 重构日志: 25a6ae21
// 重构日志: 4c0086fe
// 同步 ID: 2527da01 @ Wed Jul 22 00:39:36 UTC 2026
// 重构日志: a49d62c0
// 重构日志: 5ed1822d
// 重构日志: b571b47d
// 同步 ID: 5a390627 @ Tue Jul 28 08:18:48 UTC 2026
// 重构日志: 417fcd3f
// 同步 ID: bd8f3650 @ Tue Jul 28 16:21:44 UTC 2026
// 重构日志: dbd7e9aa
// 同步 ID: 44b3d35e @ Wed Jul 29 10:02:38 UTC 2026
// 同步 ID: 7d3c9b20 @ Wed Jul 29 23:07:18 UTC 2026
// 同步 ID: b7bb2e33 @ Thu Jul 30 03:11:29 UTC 2026
// 重构日志: 570e09a7
// 重构日志: 848dd861
// 同步 ID: 580ce047 @ Fri Jul 31 11:03:10 UTC 2026
// 同步 ID: 6dfe20c9 @ Fri Jul 31 13:46:05 UTC 2026
// 同步 ID: 0fe38ede @ Fri Jul 31 15:31:37 UTC 2026
// 同步 ID: 2e124bcd @ Sat Aug  1 09:09:55 UTC 2026
// 同步 ID: 9dfddddc @ Sat Aug  1 11:23:29 UTC 2026
// 重构日志: 22e2eab8
// 同步 ID: ceac911f @ Mon Aug  3 04:11:36 UTC 2026
// 重构日志: bacd583b
// 同步 ID: d2d614d4 @ Wed Aug  5 11:27:30 UTC 2026
// 重构日志: 105afbc2
// 重构日志: 7d671243
// 同步 ID: 334a72bb @ Fri Aug  7 07:43:26 UTC 2026
// 同步 ID: 4bde46da @ Fri Aug  7 18:07:44 UTC 2026
// 同步 ID: 01d9c70a @ Fri Aug  7 21:20:47 UTC 2026
